<html>
<body>
<pre>
<h1>µVision Build Log</h1>
<h2>Project:</h2>
C:\Users\GuitarGeorge\Downloads\Smart bubble machine\SBM_mini\Smart Bubble Machine\Project\Smart Bubble Machine\MDK-ARM\Smart Bubble Machine.uvproj
Project File Date:  02/16/2015

<h2>Output:</h2>
Build target 'Smart Bubble Machine'
compiling main.c...
..\inc\rtc.h(15): warning:  #1-D: last line of file ends without a newline
  #endif
..\inc\functions.h(16): warning:  #1295-D: Deprecated declaration PWM_Init - give arg types
  void PWM_Init();
..\inc\functions.h(18): warning:  #1295-D: Deprecated declaration Relay_Init - give arg types
  void Relay_Init();
..\inc\functions.h(19): warning:  #1295-D: Deprecated declaration Relay_On - give arg types
  void Relay_On();
..\inc\functions.h(20): warning:  #1295-D: Deprecated declaration Relay_Off - give arg types
  void Relay_Off();
..\inc\functions.h(21): warning:  #1295-D: Deprecated declaration getTime - give arg types
  void getTime();
..\inc\functions.h(22): warning:  #1295-D: Deprecated declaration getSensorData - give arg types
  int getSensorData();
..\inc\functions.h(23): warning:  #1295-D: Deprecated declaration BluetoothUSART_Init - give arg types
  void BluetoothUSART_Init();
..\inc\functions.h(24): warning:  #1295-D: Deprecated declaration WiFlyUSART_Init - give arg types
  void WiFlyUSART_Init();
..\inc\functions.h(33): warning:  #1-D: last line of file ends without a newline
  #endif
..\inc\fsm.h(60): warning:  #1-D: last line of file ends without a newline
  #endif
..\inc\i2c.h(29): warning:  #1-D: last line of file ends without a newline
  #endif
..\src\main.c(42): warning:  #177-D: variable "Status" was declared but never referenced
        SD_Error Status = SD_OK;
..\src\main.c(46): warning:  #177-D: variable "dir" was declared but never referenced
        DIR dir;                                    /* Directory object */
..\src\main.c(47): warning:  #177-D: variable "fno" was declared but never referenced
        FILINFO fno;                      /* File information object */
..\src\main.c(48): warning:  #177-D: variable "br" was declared but never referenced
        UINT bw, br;
..\src\main.c(49): warning:  #177-D: variable "buff" was declared but never referenced
        uint8_t buff[128];
..\src\main.c(50): warning:  #177-D: variable "help" was declared but never referenced
        char help;
..\src\main.c(107): warning:  #177-D: variable "znak2" was declared but never referenced
        char znak, znak2;
..\src\main.c(119): warning:  #177-D: variable "znak" was declared but never referenced
        char znak, znak2;
..\src\main.c(283): warning:  #167-D: argument of type "void (*)()" is incompatible with parameter of type "pdTASK_CODE"
    xTaskCreate( RTC_Task, (const signed char*)"RTC", 512, NULL, 1, NULL);
..\src\main.c(284): warning:  #167-D: argument of type "void (*)()" is incompatible with parameter of type "pdTASK_CODE"
        xTaskCreate( PWM_Task, (const signed char*)"PWM", 512, NULL, 1, NULL );
..\src\main.c(285): warning:  #167-D: argument of type "void (*)()" is incompatible with parameter of type "pdTASK_CODE"
        xTaskCreate( Relay_Task, (const signed char*)"Relay", 512, NULL, 1, NULL );
..\src\main.c(286): warning:  #167-D: argument of type "void (*)()" is incompatible with parameter of type "pdTASK_CODE"
        xTaskCreate( WiFi_Task, (const signed char*)"WiFly", 512, NULL, 1, NULL );
..\src\main.c(287): warning:  #167-D: argument of type "void (*)()" is incompatible with parameter of type "pdTASK_CODE"
        xTaskCreate( Parser_Task, (const signed char*)"Parser", 512, NULL, 3, NULL ); //Trebao bi imati veci priority
..\src\main.c(289): warning:  #167-D: argument of type "void (*)()" is incompatible with parameter of type "pdTASK_CODE"
        xTaskCreate( WiFly_Parser_Task, (const signed char*)"WiFly Parser", 512, NULL, 3, NULL ); //Trebao bi imati veci priority
..\src\main.c: 26 warnings, 0 errors
linking...
Program Size: Code=35448 RO-data=992 RW-data=300 ZI-data=42156  
".\SBM_Objects\SBM.axf" - 0 Error(s), 26 Warning(s).
Load "C:\\Users\\GuitarGeorge\\Downloads\\Smart bubble machine\\SBM_mini\\Smart Bubble Machine\\Project\\Smart Bubble Machine\\MDK-ARM\\SBM_Objects\\SBM.axf" 
Erase Done.
Programming Done.
Verify OK.
Application running ...
</pre>
</body>
</html>
Downloads\\Smart bubble machine\\SBM_mini\\Smart Bubble Machine\\Project\\Smart Bubble Machine\\MDK-ARM\\SBM_Objects\\SBM.axf" 
Erase Done.
Programming Done.
Verify OK.
Application running ...
 #1295-D: Deprecated declaration Relay_Init - give arg types
  void Relay_Init();
..\inc\functions.h(19): warning:  #1295-D: Deprecated declaration Relay_On - give arg types
  void Relay_On();
..\inc\functions.h(20): warning:  #1295-D: Deprecated declaration Relay_Off - give arg types
  void Relay_Off();
..\inc\functions.h(21): warning:  #1295-D: Deprecated declaration getTime - give arg types
  void getTime();
..\inc\functions.h(22): warning:  #1295-D: Deprecated declaration getSensorData - give arg types
  int getSensorData();
..\inc\functions.h(23): warning:  #1295-D: Deprecated declaration BluetoothUSART_Init - give arg types
  void BluetoothUSART_Init();
..\inc\functions.h(24): warning:  #1295-D: Deprecated declaration WiFlyUSART_Init - give arg types
  void WiFlyUSART_Init();
..\inc\functions.h(33): warning:  #1-D: last line of file ends without a newline
  #endif
..\inc\i2c.h(29): warning:  #1-D: last line of file ends without a newline
  #endif
..\src\functions.c(214): warning:  #177-D: variable "bufer" was declared but never referenced
        char bufer[9];
..\src\functions.c(323): warning:  #1-D: last line of file ends without a newline
  }
..\src\functions.c: 13 warnings, 0 errors
compiling interupts.c...
compiling fsm.c...
..\inc\rtc.h(15): warning:  #1-D: last line of file ends without a newline
  #endif
..\inc\functions.h(16): warning:  #1295-D: Deprecated declaration PWM_Init - give arg types
  void PWM_Init();
..\inc\functions.h(18): warning:  #1295-D: Deprecated declaration Relay_Init - give arg types
  void Relay_Init();
..\inc\functions.h(19): warning:  #1295-D: Deprecated declaration Relay_On - give arg types
  void Relay_On();
..\inc\functions.h(20): warning:  #1295-D: Deprecated declaration Relay_Off - give arg types
  void Relay_Off();
..\inc\functions.h(21): warning:  #1295-D: Deprecated declaration getTime - give arg types
  void getTime();
..\inc\functions.h(22): warning:  #1295-D: Deprecated declaration getSensorData - give arg types
  int getSensorData();
..\inc\functions.h(23): warning:  #1295-D: Deprecated declaration BluetoothUSART_Init - give arg types
  void BluetoothUSART_Init();
..\inc\functions.h(24): warning:  #1295-D: Deprecated declaration WiFlyUSART_Init - give arg types
  void WiFlyUSART_Init();
..\inc\functions.h(33): warning:  #1-D: last line of file ends without a newline
  #endif
..\inc\fsm.h(60): warning:  #1-D: last line of file ends without a newline
  #endif
..\src\fsm.c(24): warning:  #177-D: variable "clk_ptr" was declared but never referenced
        char* clk_ptr=clock_buffer;
..\src\fsm.c(25): warning:  #177-D: variable "date_ptr" was declared but never referenced
        char* date_ptr=date_buffer;
..\src\fsm.c(361): warning:  #1-D: last line of file ends without a newline
  }
..\src\fsm.c(205): warning:  #177-D: variable "clk_ptr" was declared but never referenced
        char* clk_ptr=clock_buffer2;
..\src\fsm.c(206): warning:  #177-D: variable "date_ptr" was declared but never referenced
        char* date_ptr=date_buffer2;
..\src\fsm.c: 16 warnings, 0 errors
compiling i2c.c...
..\inc\i2c.h(29): warning:  #1-D: last line of file ends without a newline
  #endif
..\src\i2c.c(83): warning:  #177-D: variable "NumByteToRead" was declared but never referenced
                uint8_t NumByteToRead = 2;
..\src\i2c.c: 2 warnings, 0 errors
compiling list.c...
compiling queue.c...
compiling tasks.c...
compiling heap_2.c...
compiling croutine.c...
compiling port.c...
compiling stm32f4_discovery.c...
compiling stm32f4_discovery_sdio_sd.c...
compiling stm32f4_discovery_debug.c...
compiling stm32f4xx_syscfg.c...
compiling misc.c...
compiling stm32f4xx_dma.c...
compiling stm32f4xx_exti.c...
compiling stm32f4xx_flash.c...
compiling stm32f4xx_gpio.c...
compiling stm32f4xx_i2c.c...
compiling stm32f4xx_rcc.c...
compiling stm32f4xx_spi.c...
compiling stm32f4xx_tim.c...
compiling stm32f4xx_usart.c...
compiling stm32f4xx_sdio.c...
compiling stm32f4xx_rtc.c...
compiling stm32f4xx_pwr.c...
compiling diskio.c...
compiling ff.c...
linking...
Program Size: Code=35444 RO-data=992 RW-data=300 ZI-data=42156  
".\SBM_Objects\SBM.axf" - 0 Error(s), 59 Warning(s).
