<html>
<body>
<pre>
<h1>µVision Build Log</h1>
<h2>Project:</h2>
C:\Users\Ivan\Desktop\SBM_utorak_2.12\MP3_player\Project\Mp3Player\MDK-ARM\Smart Bubble Machine.uvproj
Project File Date:  12/03/2014

<h2>Output:</h2>
Build target 'Smart Bubble Machine'
linking...
Program Size: Code=31940 RO-data=1004 RW-data=252 ZI-data=65284  
".\SBM_Objects\SBM.axf" - 0 Error(s), 0 Warning(s).

..\inc\functions.h(7): warning:  #1295-D: Deprecated declaration Relay_Init - give arg types
  void Relay_Init();
..\inc\functions.h(8): warning:  #1295-D: Deprecated declaration BluetoothUSART_Init - give arg types
  void BluetoothUSART_Init();
..\inc\functions.h(12): warning:  #1-D: last line of file ends without a newline
  #endif
..\inc\taskovi.h(17): warning:  #1-D: last line of file ends without a newline
  #endif
..\src\main.c(58): warning:  #177-D: variable "Status" was declared but never referenced
        SD_Error Status = SD_OK;
..\src\main.c(62): warning:  #177-D: variable "dir" was declared but never referenced
        DIR dir;                                    /* Directory object */
..\src\main.c(63): warning:  #177-D: variable "fno" was declared but never referenced
        FILINFO fno;                      /* File information object */
..\src\main.c(64): warning:  #177-D: variable "br" was declared but never referenced
        UINT bw, br;
..\src\main.c(65): warning:  #177-D: variable "buff" was declared but never referenced
        uint8_t buff[128];
..\src\main.c(68): warning:  #177-D: variable "sekunde" was declared but never referenced
        char sekunde;
..\src\main.c(107): warning:  #177-D: variable "Status" was declared but never referenced
  SD_Error Status = SD_OK;
..\src\main.c(109): warning:  #550-D: variable "ret" was set but never used
        FRESULT ret;                      /* Result code */
..\src\main.c(111): warning:  #177-D: variable "dir" was declared but never referenced
        DIR dir;                                    /* Directory object */
..\src\main.c(112): warning:  #177-D: variable "fno" was declared but never referenced
        FILINFO fno;                      /* File information object */
..\src\main.c(113): warning:  #177-D: variable "bw" was declared but never referenced
        UINT bw, br;
..\src\main.c(113): warning:  #177-D: variable "br" was declared but never referenced
        UINT bw, br;
..\src\main.c(131): warning:  #223-D: function "STM32f4_Discovery_Debug_Init" declared implicitly
        STM32f4_Discovery_Debug_Init();
..\src\main.c(137): warning:  #223-D: function "rtc_Init" declared implicitly
        rtc_Init();
..\src\main.c(156): warning:  #550-D: variable "poruka" was set but never used
        int poruka;
..\src\main.c(194): warning:  #167-D: argument of type "void (*)()" is incompatible with parameter of type "pdTASK_CODE"
        xTaskCreate( pali_gasi3, (const signed char*)"Led3 Control", 512, NULL, 1, NULL ); //example task
..\src\main.c(195): warning:  #167-D: argument of type "void (*)()" is incompatible with parameter of type "pdTASK_CODE"
        xTaskCreate( pali_gasi4, (const signed char*)"Led4 Control", 512, NULL, 1, NULL ); //example task
..\src\main.c(196): warning:  #167-D: argument of type "void (*)()" is incompatible with parameter of type "pdTASK_CODE"
        xTaskCreate( SD_Task, (const signed char*)"SD", 512, NULL, 1, NULL );
..\src\main.c(197): warning:  #167-D: argument of type "void (*)()" is incompatible with parameter of type "pdTASK_CODE"
        xTaskCreate( RTC_Task, (const signed char*)"RTC", 512, NULL, 1, NULL);
..\src\main.c(198): warning:  #167-D: argument of type "void (*)()" is incompatible with parameter of type "pdTASK_CODE"
        xTaskCreate( Sensor_Task, (const signed char*) "Sensor", 512, NULL, 1, NULL); //na zahtjev Pavica
..\src\main.c(199): warning:  #167-D: argument of type "void (*)()" is incompatible with parameter of type "pdTASK_CODE"
        xTaskCreate( writeMessageToSDTask, (const signed char*) "zapis", 512, NULL, 1, NULL);
..\src\main.c(200): warning:  #167-D: argument of type "void (*)()" is incompatible with parameter of type "pdTASK_CODE"
        xTaskCreate( debugTask, (const signed char*) "zapis", 512, NULL, 1, NULL);
..\src\main.c: 27 warnings, 0 errors
compiling functions.c...
..\inc\functions.h(6): warning:  #1295-D: Deprecated declaration PWM_Init - give arg types
  void PWM_Init();
..\inc\functions.h(7): warning:  #1295-D: Deprecated declaration Relay_Init - give arg types
  void Relay_Init();
..\inc\functions.h(8): warning:  #1295-D: Deprecated declaration BluetoothUSART_Init - give arg types
  void BluetoothUSART_Init();
..\inc\functions.h(12): warning:  #1-D: last line of file ends without a newline
  #endif
..\src\functions.c(9): warning:  #550-D: variable "prescalerValue" was set but never used
        int prescalerValue;
..\src\functions.c: 5 warnings, 0 errors
linking...
Program Size: Code=31940 RO-data=1004 RW-data=252 ZI-data=65284  
".\SBM_Objects\SBM.axf" - 0 Error(s), 32 Warning(s).
e ends without a newline
  }
..\src\interupts.c: 2 warnings, 0 errors
compiling list.c...
compiling queue.c...
compiling tasks.c...
compiling heap_2.c...
compiling croutine.c...
compiling port.c...
compiling stm32f4_discovery.c...
compiling stm32f4_discovery_sdio_sd.c...
compiling stm32f4xx_syscfg.c...
compiling misc.c...
compiling stm32f4xx_adc.c...
compiling stm32f4xx_dac.c...
compiling stm32f4xx_dma.c...
compiling stm32f4xx_exti.c...
compiling stm32f4xx_flash.c...
compiling stm32f4xx_gpio.c...
compiling stm32f4xx_i2c.c...
compiling stm32f4xx_rcc.c...
compiling stm32f4xx_spi.c...
compiling stm32f4xx_tim.c...
compiling stm32f4xx_usart.c...
compiling stm32f4xx_sdio.c...
compiling stm32f4xx_rtc.c...
compiling stm32f4xx_pwr.c...
compiling diskio.c...
compiling ff.c...
".\SBM_Objects\SBM.axf" - 1 Error(s), 32 Warning(s).
Target not created
